# Sentry init singleton — registered-mirror exclusion baseline (FOLLOW-765).
#
# CONSUMER of the "Registered mirror files excluded from the scan" inventory
# printed by scripts/check-sentry-init-singleton.sh. Each entry is one path
# (relative to the scan root) that the gate SKIPS entirely because it is
# registered as a Rule J mirror in scripts/mirror-files.json.
#
# This is the gate's own suppression set, and it suppresses WHOLE FILES, not
# single lines — which is why it gets a committed baseline rather than a log
# line. Registering a fourth `.py` pair in scripts/mirror-files.json silently
# grew this list from 3 to 4 before FOLLOW-765; now it turns the gate RED until
# the addition is written here, in a diff a human reads.
#
# EXACTLY WHAT "a fourth pair" COVERS (corrected by FOLLOW-771 — the sentence
# above was true only for pairs inside `apps/*/src` whose basenames the gate
# also scans). The observed set is built by iterating the manifest's `.py`
# paths, NOT the scanned file list, so it now grows on:
#   - a pair inside apps/*/src                                  (always did);
#   - a pair OUTSIDE apps/*/src, e.g. under packages/           (did NOT before);
#   - a pair whose basename matches the gate's own test-convention
#     exclusion, e.g. test_helpers.py                            (did NOT before);
#   - a registered path with no file on disk — which is additionally its own
#     STALE MANIFEST ENTRY finding, because a suppression nothing can verify
#     must not be silent.
# It does NOT grow on a mirror registered under another Python-family suffix
# (.pyi/.pyw/.pyx/.pxd): the registered set is filtered by the exact `.py`
# suffix. That is the one region bound that survives, and it is register entry
# [H] in the gate's Rule AP residual register, executed on every run.
#
# NOTE: exclusion is not blind trust. Every excluded file that holds a real
# `sentry_sdk.init(` must also carry the three FOLLOW-738 hardened markers
# (default_integrations=False, send_default_pii=False,
# include_local_variables=False) surviving the tokenizer pass, or the gate fails
# with an UNHARDENED REGISTERED MIRROR finding. This baseline governs WHICH
# files are excluded; that check governs WHETHER the exclusion is safe.
#
# TO CHANGE THIS FILE: only in the same PR that changes scripts/mirror-files.json.
# The gate prints a copy-pasteable replacement body when it fails.
#
# Current state: the FOLLOW-738 hardened initialiser — one canonical and its two
# Rule J mirrors.
count: 3
apps/data-quality/src/crons/observability.py
apps/intent-engine/src/observability.py
apps/llm-gateway/src/jobs/observability.py
